error: Undefined Behavior: calling a function with calling convention C using caller calling convention Rust
  --> tests/fail/shims/callconv_mismatch.rs:LL:CC
   |
LL |     let res = unsafe { pipe(fds.as_mut_ptr()) };
   |                        ^^^^^^^^^^^^^^^^^^^^^^ calling a function with calling convention C using caller calling convention Rust
   |
   = help: this indicates a bug in the program: it performed an invalid operation, and caused Undefined Behavior
   = help: see https://doc.rust-lang.org/nightly/reference/behavior-considered-undefined.html for further information
   = note: BACKTRACE:
   = note: inside `main` at tests/fail/shims/callconv_mismatch.rs:LL:CC

note: some details are omitted, run with `MIRIFLAGS=-Zmiri-backtrace=full` for a verbose backtrace

error: aborting due to 1 previous error

