error: unsupported operation: can't execute syscall with ID 290
  --> tests/fail-dep/libc/libc_syscall_eventfd2.rs:LL:CC
   |
LL |         libc::syscall(libc::SYS_eventfd2, initval, flags)
   |         ^^^^^^^^^^^^^^^^^^^^^^^^^^^^^^^^^^^^^^^^^^^^^^^^^ can't execute syscall with ID 290
   |
   = help: if this is a basic API commonly used on this target, please report an issue with Miri
   = help: however, note that Miri does not aim to support every FFI function out there; for instance, we will not support APIs for things such as GUIs, scripting languages, or databases
   = note: BACKTRACE:
   = note: inside `main` at tests/fail-dep/libc/libc_syscall_eventfd2.rs:LL:CC

note: some details are omitted, run with `MIRIFLAGS=-Zmiri-backtrace=full` for a verbose backtrace

error: aborting due to 1 previous error

