error: Undefined Behavior: write access through <TAG> at ALLOC[0x0] is forbidden
  --> tests/fail/tree_borrows/subtree_traversal_skipping_diagnostics.rs:LL:CC
   |
LL |     *m = 42;
   |     ^^^^^^^ write access through <TAG> at ALLOC[0x0] is forbidden
   |
   = help: this indicates a potential bug in the program: it performed an invalid operation, but the Tree Borrows rules it violated are still experimental
   = help: the accessed tag <TAG> has state Reserved (conflicted) which forbids this child write access
help: the accessed tag <TAG> was created here, in the initial state Reserved
  --> tests/fail/tree_borrows/subtree_traversal_skipping_diagnostics.rs:LL:CC
   |
LL | fn write_to_mut(m: &mut u8, other_ptr: *const u8) {
   |                 ^
help: the accessed tag <TAG> later transitioned to Reserved (conflicted) due to a foreign read access at offsets [0x0..0x1]
  --> tests/fail/tree_borrows/subtree_traversal_skipping_diagnostics.rs:LL:CC
   |
LL |         std::hint::black_box(*other_ptr);
   |                              ^^^^^^^^^^
   = help: this transition corresponds to a temporary loss of write permissions until function exit
   = note: BACKTRACE (of the first span):
   = note: inside `write_to_mut` at tests/fail/tree_borrows/subtree_traversal_skipping_diagnostics.rs:LL:CC
note: inside `main`
  --> tests/fail/tree_borrows/subtree_traversal_skipping_diagnostics.rs:LL:CC
   |
LL |         write_to_mut(data, core::ptr::addr_of!(root));
   |         ^^^^^^^^^^^^^^^^^^^^^^^^^^^^^^^^^^^^^^^^^^^^^

note: some details are omitted, run with `MIRIFLAGS=-Zmiri-backtrace=full` for a verbose backtrace

error: aborting due to 1 previous error

